// Jest Snapshot v1, https://goo.gl/fbAQLP

exports[`unmock no story 1`] = `
{
  "hash": "4b17c2a8",
  "host": "www.behance.net",
  "method": "get",
  "path": "/v2/projects?api_key=u_n_m_o_c_k_200"
}
`;

exports[`unmock no story 2`] = `
{
  "hash": "4b17c2a8",
  "host": "www.behance.net",
  "method": "get",
  "path": "/v2/projects?api_key=u_n_m_o_c_k_200"
}
`;

exports[`unmock no story 3`] = `
{
  "hash": "4b17c2a8",
  "host": "www.behance.net",
  "method": "get",
  "path": "/v2/projects?api_key=u_n_m_o_c_k_200"
}
`;
